current directory: /Users/riturajratan/Projects/RRR/tech-blog.maddyzone.com/vendor/bundle/ruby/2.6.0/gems/eventmachine-1.2.7/ext/fastfilereader
/Users/riturajratan/.rbenv/versions/2.6.1/bin/ruby -I /Users/riturajratan/.rbenv/versions/2.6.1/lib/ruby/2.6.0 -r ./siteconf20250907-24848-r51huk.rb extconf.rb
creating Makefile

current directory: /Users/riturajratan/Projects/RRR/tech-blog.maddyzone.com/vendor/bundle/ruby/2.6.0/gems/eventmachine-1.2.7/ext/fastfilereader
make "DESTDIR=" clean

current directory: /Users/riturajratan/Projects/RRR/tech-blog.maddyzone.com/vendor/bundle/ruby/2.6.0/gems/eventmachine-1.2.7/ext/fastfilereader
make "DESTDIR="
compiling mapper.cpp
compiling rubymain.cpp
In file included from rubymain.cpp:25:
In file included from /Users/riturajratan/.rbenv/versions/2.6.1/include/ruby-2.6.0/ruby.h:33:
In file included from /Users/riturajratan/.rbenv/versions/2.6.1/include/ruby-2.6.0/ruby/ruby.h:2111:
/Users/riturajratan/.rbenv/versions/2.6.1/include/ruby-2.6.0/ruby/intern.h:56:19: warning: 'register' storage class specifier is deprecated and incompatible with C++17 [-Wdeprecated-register]
   56 | void rb_mem_clear(register VALUE*, register long);
      |                   ^~~~~~~~
/Users/riturajratan/.rbenv/versions/2.6.1/include/ruby-2.6.0/ruby/intern.h:56:36: warning: 'register' storage class specifier is deprecated and incompatible with C++17 [-Wdeprecated-register]
   56 | void rb_mem_clear(register VALUE*, register long);
      |                                    ^~~~~~~~
2 warnings generated.
linking shared-object fastfilereaderext.bundle

current directory: /Users/riturajratan/Projects/RRR/tech-blog.maddyzone.com/vendor/bundle/ruby/2.6.0/gems/eventmachine-1.2.7/ext/fastfilereader
make "DESTDIR=" install
/usr/bin/install -c -m 0755 fastfilereaderext.bundle ./.gem.20250907-24848-78gw1x
