current directory: /Users/riturajratan/Projects/RRR/tech-blog.maddyzone.com/vendor/bundle/ruby/2.6.0/gems/http_parser.rb-0.8.1/ext/ruby_http_parser
/Users/riturajratan/.rbenv/versions/2.6.1/bin/ruby -I /Users/riturajratan/.rbenv/versions/2.6.1/lib/ruby/2.6.0 -r ./siteconf20260708-3816-1bww897.rb extconf.rb
creating Makefile

current directory: /Users/riturajratan/Projects/RRR/tech-blog.maddyzone.com/vendor/bundle/ruby/2.6.0/gems/http_parser.rb-0.8.1/ext/ruby_http_parser
make "DESTDIR=" clean

current directory: /Users/riturajratan/Projects/RRR/tech-blog.maddyzone.com/vendor/bundle/ruby/2.6.0/gems/http_parser.rb-0.8.1/ext/ruby_http_parser
make "DESTDIR="
compiling ruby_http_parser.c
ruby_http_parser.c:331:22: warning: '(' and '{' tokens introducing statement expression appear in different macro expansion contexts [-Wcompound-token-split-by-macro]
  331 |     keyword_ids[0] = rb_intern("default_header_value_type");
      |                      ^~~~~~~~~~~~~~~~~~~~~~~~~~~~~~~~~~~~~~
/Users/riturajratan/.rbenv/versions/2.6.1/include/ruby-2.6.0/ruby/ruby.h:1826:23: note: expanded from macro 'rb_intern'
 1826 |         __extension__ (RUBY_CONST_ID_CACHE((ID), (str))) : \
      |                       ^
ruby_http_parser.c:331:22: note: '{' token is here
  331 |     keyword_ids[0] = rb_intern("default_header_value_type");
      |                      ^~~~~~~~~~~~~~~~~~~~~~~~~~~~~~~~~~~~~~
/Users/riturajratan/.rbenv/versions/2.6.1/include/ruby-2.6.0/ruby/ruby.h:1826:24: note: expanded from macro 'rb_intern'
 1826 |         __extension__ (RUBY_CONST_ID_CACHE((ID), (str))) : \
      |                        ^~~~~~~~~~~~~~~~~~~~~~~~~~~~~~~~
/Users/riturajratan/.rbenv/versions/2.6.1/include/ruby-2.6.0/ruby/ruby.h:1811:5: note: expanded from macro 'RUBY_CONST_ID_CACHE'
 1811 |     {                                                   \
      |     ^
ruby_http_parser.c:331:22: warning: '}' and ')' tokens terminating statement expression appear in different macro expansion contexts [-Wcompound-token-split-by-macro]
  331 |     keyword_ids[0] = rb_intern("default_header_value_type");
      |                      ^~~~~~~~~~~~~~~~~~~~~~~~~~~~~~~~~~~~~~
/Users/riturajratan/.rbenv/versions/2.6.1/include/ruby-2.6.0/ruby/ruby.h:1826:24: note: expanded from macro 'rb_intern'
 1826 |         __extension__ (RUBY_CONST_ID_CACHE((ID), (str))) : \
      |                        ^~~~~~~~~~~~~~~~~~~~~~~~~~~~~~~~
/Users/riturajratan/.rbenv/versions/2.6.1/include/ruby-2.6.0/ruby/ruby.h:1816:5: note: expanded from macro 'RUBY_CONST_ID_CACHE'
 1816 |     }
      |     ^
ruby_http_parser.c:331:22: note: ')' token is here
  331 |     keyword_ids[0] = rb_intern("default_header_value_type");
      |                      ^~~~~~~~~~~~~~~~~~~~~~~~~~~~~~~~~~~~~~
/Users/riturajratan/.rbenv/versions/2.6.1/include/ruby-2.6.0/ruby/ruby.h:1826:56: note: expanded from macro 'rb_intern'
 1826 |         __extension__ (RUBY_CONST_ID_CACHE((ID), (str))) : \
      |                                                        ^
ruby_http_parser.c:526:11: warning: '(' and '{' tokens introducing statement expression appear in different macro expansion contexts [-Wcompound-token-split-by-macro]
  526 |   Icall = rb_intern("call");
      |           ^~~~~~~~~~~~~~~~~
/Users/riturajratan/.rbenv/versions/2.6.1/include/ruby-2.6.0/ruby/ruby.h:1826:23: note: expanded from macro 'rb_intern'
 1826 |         __extension__ (RUBY_CONST_ID_CACHE((ID), (str))) : \
      |                       ^
ruby_http_parser.c:526:11: note: '{' token is here
  526 |   Icall = rb_intern("call");
      |           ^~~~~~~~~~~~~~~~~
/Users/riturajratan/.rbenv/versions/2.6.1/include/ruby-2.6.0/ruby/ruby.h:1826:24: note: expanded from macro 'rb_intern'
 1826 |         __extension__ (RUBY_CONST_ID_CACHE((ID), (str))) : \
      |                        ^~~~~~~~~~~~~~~~~~~~~~~~~~~~~~~~
/Users/riturajratan/.rbenv/versions/2.6.1/include/ruby-2.6.0/ruby/ruby.h:1811:5: note: expanded from macro 'RUBY_CONST_ID_CACHE'
 1811 |     {                                                   \
      |     ^
ruby_http_parser.c:526:11: warning: '}' and ')' tokens terminating statement expression appear in different macro expansion contexts [-Wcompound-token-split-by-macro]
  526 |   Icall = rb_intern("call");
      |           ^~~~~~~~~~~~~~~~~
/Users/riturajratan/.rbenv/versions/2.6.1/include/ruby-2.6.0/ruby/ruby.h:1826:24: note: expanded from macro 'rb_intern'
 1826 |         __extension__ (RUBY_CONST_ID_CACHE((ID), (str))) : \
      |                        ^~~~~~~~~~~~~~~~~~~~~~~~~~~~~~~~
/Users/riturajratan/.rbenv/versions/2.6.1/include/ruby-2.6.0/ruby/ruby.h:1816:5: note: expanded from macro 'RUBY_CONST_ID_CACHE'
 1816 |     }
      |     ^
ruby_http_parser.c:526:11: note: ')' token is here
  526 |   Icall = rb_intern("call");
      |           ^~~~~~~~~~~~~~~~~
/Users/riturajratan/.rbenv/versions/2.6.1/include/ruby-2.6.0/ruby/ruby.h:1826:56: note: expanded from macro 'rb_intern'
 1826 |         __extension__ (RUBY_CONST_ID_CACHE((ID), (str))) : \
      |                                                        ^
ruby_http_parser.c:527:23: warning: '(' and '{' tokens introducing statement expression appear in different macro expansion contexts [-Wcompound-token-split-by-macro]
  527 |   Ion_message_begin = rb_intern("on_message_begin");
      |                       ^~~~~~~~~~~~~~~~~~~~~~~~~~~~~
/Users/riturajratan/.rbenv/versions/2.6.1/include/ruby-2.6.0/ruby/ruby.h:1826:23: note: expanded from macro 'rb_intern'
 1826 |         __extension__ (RUBY_CONST_ID_CACHE((ID), (str))) : \
      |                       ^
ruby_http_parser.c:527:23: note: '{' token is here
  527 |   Ion_message_begin = rb_intern("on_message_begin");
      |                       ^~~~~~~~~~~~~~~~~~~~~~~~~~~~~
/Users/riturajratan/.rbenv/versions/2.6.1/include/ruby-2.6.0/ruby/ruby.h:1826:24: note: expanded from macro 'rb_intern'
 1826 |         __extension__ (RUBY_CONST_ID_CACHE((ID), (str))) : \
      |                        ^~~~~~~~~~~~~~~~~~~~~~~~~~~~~~~~
/Users/riturajratan/.rbenv/versions/2.6.1/include/ruby-2.6.0/ruby/ruby.h:1811:5: note: expanded from macro 'RUBY_CONST_ID_CACHE'
 1811 |     {                                                   \
      |     ^
ruby_http_parser.c:527:23: warning: '}' and ')' tokens terminating statement expression appear in different macro expansion contexts [-Wcompound-token-split-by-macro]
  527 |   Ion_message_begin = rb_intern("on_message_begin");
      |                       ^~~~~~~~~~~~~~~~~~~~~~~~~~~~~
/Users/riturajratan/.rbenv/versions/2.6.1/include/ruby-2.6.0/ruby/ruby.h:1826:24: note: expanded from macro 'rb_intern'
 1826 |         __extension__ (RUBY_CONST_ID_CACHE((ID), (str))) : \
      |                        ^~~~~~~~~~~~~~~~~~~~~~~~~~~~~~~~
/Users/riturajratan/.rbenv/versions/2.6.1/include/ruby-2.6.0/ruby/ruby.h:1816:5: note: expanded from macro 'RUBY_CONST_ID_CACHE'
 1816 |     }
      |     ^
ruby_http_parser.c:527:23: note: ')' token is here
  527 |   Ion_message_begin = rb_intern("on_message_begin");
      |                       ^~~~~~~~~~~~~~~~~~~~~~~~~~~~~
/Users/riturajratan/.rbenv/versions/2.6.1/include/ruby-2.6.0/ruby/ruby.h:1826:56: note: expanded from macro 'rb_intern'
 1826 |         __extension__ (RUBY_CONST_ID_CACHE((ID), (str))) : \
      |                                                        ^
ruby_http_parser.c:528:26: warning: '(' and '{' tokens introducing statement expression appear in different macro expansion contexts [-Wcompound-token-split-by-macro]
  528 |   Ion_headers_complete = rb_intern("on_headers_complete");
      |                          ^~~~~~~~~~~~~~~~~~~~~~~~~~~~~~~~
/Users/riturajratan/.rbenv/versions/2.6.1/include/ruby-2.6.0/ruby/ruby.h:1826:23: note: expanded from macro 'rb_intern'
 1826 |         __extension__ (RUBY_CONST_ID_CACHE((ID), (str))) : \
      |                       ^
ruby_http_parser.c:528:26: note: '{' token is here
  528 |   Ion_headers_complete = rb_intern("on_headers_complete");
      |                          ^~~~~~~~~~~~~~~~~~~~~~~~~~~~~~~~
/Users/riturajratan/.rbenv/versions/2.6.1/include/ruby-2.6.0/ruby/ruby.h:1826:24: note: expanded from macro 'rb_intern'
 1826 |         __extension__ (RUBY_CONST_ID_CACHE((ID), (str))) : \
      |                        ^~~~~~~~~~~~~~~~~~~~~~~~~~~~~~~~
/Users/riturajratan/.rbenv/versions/2.6.1/include/ruby-2.6.0/ruby/ruby.h:1811:5: note: expanded from macro 'RUBY_CONST_ID_CACHE'
 1811 |     {                                                   \
      |     ^
ruby_http_parser.c:528:26: warning: '}' and ')' tokens terminating statement expression appear in different macro expansion contexts [-Wcompound-token-split-by-macro]
  528 |   Ion_headers_complete = rb_intern("on_headers_complete");
      |                          ^~~~~~~~~~~~~~~~~~~~~~~~~~~~~~~~
/Users/riturajratan/.rbenv/versions/2.6.1/include/ruby-2.6.0/ruby/ruby.h:1826:24: note: expanded from macro 'rb_intern'
 1826 |         __extension__ (RUBY_CONST_ID_CACHE((ID), (str))) : \
      |                        ^~~~~~~~~~~~~~~~~~~~~~~~~~~~~~~~
/Users/riturajratan/.rbenv/versions/2.6.1/include/ruby-2.6.0/ruby/ruby.h:1816:5: note: expanded from macro 'RUBY_CONST_ID_CACHE'
 1816 |     }
      |     ^
ruby_http_parser.c:528:26: note: ')' token is here
  528 |   Ion_headers_complete = rb_intern("on_headers_complete");
      |                          ^~~~~~~~~~~~~~~~~~~~~~~~~~~~~~~~
/Users/riturajratan/.rbenv/versions/2.6.1/include/ruby-2.6.0/ruby/ruby.h:1826:56: note: expanded from macro 'rb_intern'
 1826 |         __extension__ (RUBY_CONST_ID_CACHE((ID), (str))) : \
      |                                                        ^
ruby_http_parser.c:529:14: warning: '(' and '{' tokens introducing statement expression appear in different macro expansion contexts [-Wcompound-token-split-by-macro]
  529 |   Ion_body = rb_intern("on_body");
      |              ^~~~~~~~~~~~~~~~~~~~
/Users/riturajratan/.rbenv/versions/2.6.1/include/ruby-2.6.0/ruby/ruby.h:1826:23: note: expanded from macro 'rb_intern'
 1826 |         __extension__ (RUBY_CONST_ID_CACHE((ID), (str))) : \
      |                       ^
ruby_http_parser.c:529:14: note: '{' token is here
  529 |   Ion_body = rb_intern("on_body");
      |              ^~~~~~~~~~~~~~~~~~~~
/Users/riturajratan/.rbenv/versions/2.6.1/include/ruby-2.6.0/ruby/ruby.h:1826:24: note: expanded from macro 'rb_intern'
 1826 |         __extension__ (RUBY_CONST_ID_CACHE((ID), (str))) : \
      |                        ^~~~~~~~~~~~~~~~~~~~~~~~~~~~~~~~
/Users/riturajratan/.rbenv/versions/2.6.1/include/ruby-2.6.0/ruby/ruby.h:1811:5: note: expanded from macro 'RUBY_CONST_ID_CACHE'
 1811 |     {                                                   \
      |     ^
ruby_http_parser.c:529:14: warning: '}' and ')' tokens terminating statement expression appear in different macro expansion contexts [-Wcompound-token-split-by-macro]
  529 |   Ion_body = rb_intern("on_body");
      |              ^~~~~~~~~~~~~~~~~~~~
/Users/riturajratan/.rbenv/versions/2.6.1/include/ruby-2.6.0/ruby/ruby.h:1826:24: note: expanded from macro 'rb_intern'
 1826 |         __extension__ (RUBY_CONST_ID_CACHE((ID), (str))) : \
      |                        ^~~~~~~~~~~~~~~~~~~~~~~~~~~~~~~~
/Users/riturajratan/.rbenv/versions/2.6.1/include/ruby-2.6.0/ruby/ruby.h:1816:5: note: expanded from macro 'RUBY_CONST_ID_CACHE'
 1816 |     }
      |     ^
ruby_http_parser.c:529:14: note: ')' token is here
  529 |   Ion_body = rb_intern("on_body");
      |              ^~~~~~~~~~~~~~~~~~~~
/Users/riturajratan/.rbenv/versions/2.6.1/include/ruby-2.6.0/ruby/ruby.h:1826:56: note: expanded from macro 'rb_intern'
 1826 |         __extension__ (RUBY_CONST_ID_CACHE((ID), (str))) : \
      |                                                        ^
ruby_http_parser.c:530:26: warning: '(' and '{' tokens introducing statement expression appear in different macro expansion contexts [-Wcompound-token-split-by-macro]
  530 |   Ion_message_complete = rb_intern("on_message_complete");
      |                          ^~~~~~~~~~~~~~~~~~~~~~~~~~~~~~~~
/Users/riturajratan/.rbenv/versions/2.6.1/include/ruby-2.6.0/ruby/ruby.h:1826:23: note: expanded from macro 'rb_intern'
 1826 |         __extension__ (RUBY_CONST_ID_CACHE((ID), (str))) : \
      |                       ^
ruby_http_parser.c:530:26: note: '{' token is here
  530 |   Ion_message_complete = rb_intern("on_message_complete");
      |                          ^~~~~~~~~~~~~~~~~~~~~~~~~~~~~~~~
/Users/riturajratan/.rbenv/versions/2.6.1/include/ruby-2.6.0/ruby/ruby.h:1826:24: note: expanded from macro 'rb_intern'
 1826 |         __extension__ (RUBY_CONST_ID_CACHE((ID), (str))) : \
      |                        ^~~~~~~~~~~~~~~~~~~~~~~~~~~~~~~~
/Users/riturajratan/.rbenv/versions/2.6.1/include/ruby-2.6.0/ruby/ruby.h:1811:5: note: expanded from macro 'RUBY_CONST_ID_CACHE'
 1811 |     {                                                   \
      |     ^
ruby_http_parser.c:530:26: warning: '}' and ')' tokens terminating statement expression appear in different macro expansion contexts [-Wcompound-token-split-by-macro]
  530 |   Ion_message_complete = rb_intern("on_message_complete");
      |                          ^~~~~~~~~~~~~~~~~~~~~~~~~~~~~~~~
/Users/riturajratan/.rbenv/versions/2.6.1/include/ruby-2.6.0/ruby/ruby.h:1826:24: note: expanded from macro 'rb_intern'
 1826 |         __extension__ (RUBY_CONST_ID_CACHE((ID), (str))) : \
      |                        ^~~~~~~~~~~~~~~~~~~~~~~~~~~~~~~~
/Users/riturajratan/.rbenv/versions/2.6.1/include/ruby-2.6.0/ruby/ruby.h:1816:5: note: expanded from macro 'RUBY_CONST_ID_CACHE'
 1816 |     }
      |     ^
ruby_http_parser.c:530:26: note: ')' token is here
  530 |   Ion_message_complete = rb_intern("on_message_complete");
      |                          ^~~~~~~~~~~~~~~~~~~~~~~~~~~~~~~~
/Users/riturajratan/.rbenv/versions/2.6.1/include/ruby-2.6.0/ruby/ruby.h:1826:56: note: expanded from macro 'rb_intern'
 1826 |         __extension__ (RUBY_CONST_ID_CACHE((ID), (str))) : \
      |                                                        ^
ruby_http_parser.c:531:18: warning: '(' and '{' tokens introducing statement expression appear in different macro expansion contexts [-Wcompound-token-split-by-macro]
  531 |   Sstop = ID2SYM(rb_intern("stop"));
      |                  ^~~~~~~~~~~~~~~~~
/Users/riturajratan/.rbenv/versions/2.6.1/include/ruby-2.6.0/ruby/ruby.h:1826:23: note: expanded from macro 'rb_intern'
 1826 |         __extension__ (RUBY_CONST_ID_CACHE((ID), (str))) : \
      |                       ^
ruby_http_parser.c:531:18: note: '{' token is here
  531 |   Sstop = ID2SYM(rb_intern("stop"));
      |                  ^~~~~~~~~~~~~~~~~
/Users/riturajratan/.rbenv/versions/2.6.1/include/ruby-2.6.0/ruby/ruby.h:1826:24: note: expanded from macro 'rb_intern'
 1826 |         __extension__ (RUBY_CONST_ID_CACHE((ID), (str))) : \
      |                        ^~~~~~~~~~~~~~~~~~~~~~~~~~~~~~~~
/Users/riturajratan/.rbenv/versions/2.6.1/include/ruby-2.6.0/ruby/ruby.h:1811:5: note: expanded from macro 'RUBY_CONST_ID_CACHE'
 1811 |     {                                                   \
      |     ^
ruby_http_parser.c:531:18: warning: '}' and ')' tokens terminating statement expression appear in different macro expansion contexts [-Wcompound-token-split-by-macro]
  531 |   Sstop = ID2SYM(rb_intern("stop"));
      |                  ^~~~~~~~~~~~~~~~~
/Users/riturajratan/.rbenv/versions/2.6.1/include/ruby-2.6.0/ruby/ruby.h:1826:24: note: expanded from macro 'rb_intern'
 1826 |         __extension__ (RUBY_CONST_ID_CACHE((ID), (str))) : \
      |                        ^~~~~~~~~~~~~~~~~~~~~~~~~~~~~~~~
/Users/riturajratan/.rbenv/versions/2.6.1/include/ruby-2.6.0/ruby/ruby.h:1816:5: note: expanded from macro 'RUBY_CONST_ID_CACHE'
 1816 |     }
      |     ^
ruby_http_parser.c:531:18: note: ')' token is here
  531 |   Sstop = ID2SYM(rb_intern("stop"));
      |                  ^~~~~~~~~~~~~~~~~
/Users/riturajratan/.rbenv/versions/2.6.1/include/ruby-2.6.0/ruby/ruby.h:1826:56: note: expanded from macro 'rb_intern'
 1826 |         __extension__ (RUBY_CONST_ID_CACHE((ID), (str))) : \
      |                                                        ^
ruby_http_parser.c:532:19: warning: '(' and '{' tokens introducing statement expression appear in different macro expansion contexts [-Wcompound-token-split-by-macro]
  532 |   Sreset = ID2SYM(rb_intern("reset"));
      |                   ^~~~~~~~~~~~~~~~~~
/Users/riturajratan/.rbenv/versions/2.6.1/include/ruby-2.6.0/ruby/ruby.h:1826:23: note: expanded from macro 'rb_intern'
 1826 |         __extension__ (RUBY_CONST_ID_CACHE((ID), (str))) : \
      |                       ^
ruby_http_parser.c:532:19: note: '{' token is here
  532 |   Sreset = ID2SYM(rb_intern("reset"));
      |                   ^~~~~~~~~~~~~~~~~~
/Users/riturajratan/.rbenv/versions/2.6.1/include/ruby-2.6.0/ruby/ruby.h:1826:24: note: expanded from macro 'rb_intern'
 1826 |         __extension__ (RUBY_CONST_ID_CACHE((ID), (str))) : \
      |                        ^~~~~~~~~~~~~~~~~~~~~~~~~~~~~~~~
/Users/riturajratan/.rbenv/versions/2.6.1/include/ruby-2.6.0/ruby/ruby.h:1811:5: note: expanded from macro 'RUBY_CONST_ID_CACHE'
 1811 |     {                                                   \
      |     ^
ruby_http_parser.c:532:19: warning: '}' and ')' tokens terminating statement expression appear in different macro expansion contexts [-Wcompound-token-split-by-macro]
  532 |   Sreset = ID2SYM(rb_intern("reset"));
      |                   ^~~~~~~~~~~~~~~~~~
/Users/riturajratan/.rbenv/versions/2.6.1/include/ruby-2.6.0/ruby/ruby.h:1826:24: note: expanded from macro 'rb_intern'
 1826 |         __extension__ (RUBY_CONST_ID_CACHE((ID), (str))) : \
      |                        ^~~~~~~~~~~~~~~~~~~~~~~~~~~~~~~~
/Users/riturajratan/.rbenv/versions/2.6.1/include/ruby-2.6.0/ruby/ruby.h:1816:5: note: expanded from macro 'RUBY_CONST_ID_CACHE'
 1816 |     }
      |     ^
ruby_http_parser.c:532:19: note: ')' token is here
  532 |   Sreset = ID2SYM(rb_intern("reset"));
      |                   ^~~~~~~~~~~~~~~~~~
/Users/riturajratan/.rbenv/versions/2.6.1/include/ruby-2.6.0/ruby/ruby.h:1826:56: note: expanded from macro 'rb_intern'
 1826 |         __extension__ (RUBY_CONST_ID_CACHE((ID), (str))) : \
      |                                                        ^
ruby_http_parser.c:534:20: warning: '(' and '{' tokens introducing statement expression appear in different macro expansion contexts [-Wcompound-token-split-by-macro]
  534 |   Sarrays = ID2SYM(rb_intern("arrays"));
      |                    ^~~~~~~~~~~~~~~~~~~
/Users/riturajratan/.rbenv/versions/2.6.1/include/ruby-2.6.0/ruby/ruby.h:1826:23: note: expanded from macro 'rb_intern'
 1826 |         __extension__ (RUBY_CONST_ID_CACHE((ID), (str))) : \
      |                       ^
ruby_http_parser.c:534:20: note: '{' token is here
  534 |   Sarrays = ID2SYM(rb_intern("arrays"));
      |                    ^~~~~~~~~~~~~~~~~~~
/Users/riturajratan/.rbenv/versions/2.6.1/include/ruby-2.6.0/ruby/ruby.h:1826:24: note: expanded from macro 'rb_intern'
 1826 |         __extension__ (RUBY_CONST_ID_CACHE((ID), (str))) : \
      |                        ^~~~~~~~~~~~~~~~~~~~~~~~~~~~~~~~
/Users/riturajratan/.rbenv/versions/2.6.1/include/ruby-2.6.0/ruby/ruby.h:1811:5: note: expanded from macro 'RUBY_CONST_ID_CACHE'
 1811 |     {                                                   \
      |     ^
ruby_http_parser.c:534:20: warning: '}' and ')' tokens terminating statement expression appear in different macro expansion contexts [-Wcompound-token-split-by-macro]
  534 |   Sarrays = ID2SYM(rb_intern("arrays"));
      |                    ^~~~~~~~~~~~~~~~~~~
/Users/riturajratan/.rbenv/versions/2.6.1/include/ruby-2.6.0/ruby/ruby.h:1826:24: note: expanded from macro 'rb_intern'
 1826 |         __extension__ (RUBY_CONST_ID_CACHE((ID), (str))) : \
      |                        ^~~~~~~~~~~~~~~~~~~~~~~~~~~~~~~~
/Users/riturajratan/.rbenv/versions/2.6.1/include/ruby-2.6.0/ruby/ruby.h:1816:5: note: expanded from macro 'RUBY_CONST_ID_CACHE'
 1816 |     }
      |     ^
ruby_http_parser.c:534:20: note: ')' token is here
  534 |   Sarrays = ID2SYM(rb_intern("arrays"));
      |                    ^~~~~~~~~~~~~~~~~~~
/Users/riturajratan/.rbenv/versions/2.6.1/include/ruby-2.6.0/ruby/ruby.h:1826:56: note: expanded from macro 'rb_intern'
 1826 |         __extension__ (RUBY_CONST_ID_CACHE((ID), (str))) : \
      |                                                        ^
ruby_http_parser.c:535:21: warning: '(' and '{' tokens introducing statement expression appear in different macro expansion contexts [-Wcompound-token-split-by-macro]
  535 |   Sstrings = ID2SYM(rb_intern("strings"));
      |                     ^~~~~~~~~~~~~~~~~~~~
/Users/riturajratan/.rbenv/versions/2.6.1/include/ruby-2.6.0/ruby/ruby.h:1826:23: note: expanded from macro 'rb_intern'
 1826 |         __extension__ (RUBY_CONST_ID_CACHE((ID), (str))) : \
      |                       ^
ruby_http_parser.c:535:21: note: '{' token is here
  535 |   Sstrings = ID2SYM(rb_intern("strings"));
      |                     ^~~~~~~~~~~~~~~~~~~~
/Users/riturajratan/.rbenv/versions/2.6.1/include/ruby-2.6.0/ruby/ruby.h:1826:24: note: expanded from macro 'rb_intern'
 1826 |         __extension__ (RUBY_CONST_ID_CACHE((ID), (str))) : \
      |                        ^~~~~~~~~~~~~~~~~~~~~~~~~~~~~~~~
/Users/riturajratan/.rbenv/versions/2.6.1/include/ruby-2.6.0/ruby/ruby.h:1811:5: note: expanded from macro 'RUBY_CONST_ID_CACHE'
 1811 |     {                                                   \
      |     ^
ruby_http_parser.c:535:21: warning: '}' and ')' tokens terminating statement expression appear in different macro expansion contexts [-Wcompound-token-split-by-macro]
  535 |   Sstrings = ID2SYM(rb_intern("strings"));
      |                     ^~~~~~~~~~~~~~~~~~~~
/Users/riturajratan/.rbenv/versions/2.6.1/include/ruby-2.6.0/ruby/ruby.h:1826:24: note: expanded from macro 'rb_intern'
 1826 |         __extension__ (RUBY_CONST_ID_CACHE((ID), (str))) : \
      |                        ^~~~~~~~~~~~~~~~~~~~~~~~~~~~~~~~
/Users/riturajratan/.rbenv/versions/2.6.1/include/ruby-2.6.0/ruby/ruby.h:1816:5: note: expanded from macro 'RUBY_CONST_ID_CACHE'
 1816 |     }
      |     ^
ruby_http_parser.c:535:21: note: ')' token is here
  535 |   Sstrings = ID2SYM(rb_intern("strings"));
      |                     ^~~~~~~~~~~~~~~~~~~~
/Users/riturajratan/.rbenv/versions/2.6.1/include/ruby-2.6.0/ruby/ruby.h:1826:56: note: expanded from macro 'rb_intern'
 1826 |         __extension__ (RUBY_CONST_ID_CACHE((ID), (str))) : \
      |                                                        ^
ruby_http_parser.c:536:19: warning: '(' and '{' tokens introducing statement expression appear in different macro expansion contexts [-Wcompound-token-split-by-macro]
  536 |   Smixed = ID2SYM(rb_intern("mixed"));
      |                   ^~~~~~~~~~~~~~~~~~
/Users/riturajratan/.rbenv/versions/2.6.1/include/ruby-2.6.0/ruby/ruby.h:1826:23: note: expanded from macro 'rb_intern'
 1826 |         __extension__ (RUBY_CONST_ID_CACHE((ID), (str))) : \
      |                       ^
ruby_http_parser.c:536:19: note: '{' token is here
  536 |   Smixed = ID2SYM(rb_intern("mixed"));
      |                   ^~~~~~~~~~~~~~~~~~
/Users/riturajratan/.rbenv/versions/2.6.1/include/ruby-2.6.0/ruby/ruby.h:1826:24: note: expanded from macro 'rb_intern'
 1826 |         __extension__ (RUBY_CONST_ID_CACHE((ID), (str))) : \
      |                        ^~~~~~~~~~~~~~~~~~~~~~~~~~~~~~~~
/Users/riturajratan/.rbenv/versions/2.6.1/include/ruby-2.6.0/ruby/ruby.h:1811:5: note: expanded from macro 'RUBY_CONST_ID_CACHE'
 1811 |     {                                                   \
      |     ^
ruby_http_parser.c:536:19: warning: '}' and ')' tokens terminating statement expression appear in different macro expansion contexts [-Wcompound-token-split-by-macro]
  536 |   Smixed = ID2SYM(rb_intern("mixed"));
      |                   ^~~~~~~~~~~~~~~~~~
/Users/riturajratan/.rbenv/versions/2.6.1/include/ruby-2.6.0/ruby/ruby.h:1826:24: note: expanded from macro 'rb_intern'
 1826 |         __extension__ (RUBY_CONST_ID_CACHE((ID), (str))) : \
      |                        ^~~~~~~~~~~~~~~~~~~~~~~~~~~~~~~~
/Users/riturajratan/.rbenv/versions/2.6.1/include/ruby-2.6.0/ruby/ruby.h:1816:5: note: expanded from macro 'RUBY_CONST_ID_CACHE'
 1816 |     }
      |     ^
ruby_http_parser.c:536:19: note: ')' token is here
  536 |   Smixed = ID2SYM(rb_intern("mixed"));
      |                   ^~~~~~~~~~~~~~~~~~
/Users/riturajratan/.rbenv/versions/2.6.1/include/ruby-2.6.0/ruby/ruby.h:1826:56: note: expanded from macro 'rb_intern'
 1826 |         __extension__ (RUBY_CONST_ID_CACHE((ID), (str))) : \
      |                                                        ^
22 warnings generated.
compiling ryah_http_parser.c
linking shared-object ruby_http_parser.bundle

current directory: /Users/riturajratan/Projects/RRR/tech-blog.maddyzone.com/vendor/bundle/ruby/2.6.0/gems/http_parser.rb-0.8.1/ext/ruby_http_parser
make "DESTDIR=" install
/usr/bin/install -c -m 0755 ruby_http_parser.bundle ./.gem.20260708-3816-mbu7yd
