"pkg-config --exists libffi"
| pkg-config --libs libffi
=> "-lffi\n"
"clang -o conftest -I/Users/riturajratan/.rbenv/versions/2.6.1/include/ruby-2.6.0/-darwin23 -I/Users/riturajratan/.rbenv/versions/2.6.1/include/ruby-2.6.0/ruby/backward -I/Users/riturajratan/.rbenv/versions/2.6.1/include/ruby-2.6.0 -I. -I/opt/homebrew/opt/readline/include -I/opt/homebrew/opt/openssl@1.1/include -D_XOPEN_SOURCE -D_DARWIN_C_SOURCE -D_DARWIN_UNLIMITED_SELECT -D_REENTRANT   -I/opt/homebrew/opt/readline/include -I/opt/homebrew/opt/openssl@1.1/include -Wno-error=implicit-function-declaration -fno-common -pipe conftest.c  -L. -L/Users/riturajratan/.rbenv/versions/2.6.1/lib -L. -L/opt/homebrew/opt/readline/lib -L/opt/homebrew/opt/openssl@1.1/lib -fstack-protector-strong     -lruby.2.6   "
checked program was:
/* begin */
1: #include "ruby.h"
2: 
3: int main(int argc, char **argv)
4: {
5:   return 0;
6: }
/* end */

"clang -o conftest -I/Users/riturajratan/.rbenv/versions/2.6.1/include/ruby-2.6.0/-darwin23 -I/Users/riturajratan/.rbenv/versions/2.6.1/include/ruby-2.6.0/ruby/backward -I/Users/riturajratan/.rbenv/versions/2.6.1/include/ruby-2.6.0 -I. -I/opt/homebrew/opt/readline/include -I/opt/homebrew/opt/openssl@1.1/include -D_XOPEN_SOURCE -D_DARWIN_C_SOURCE -D_DARWIN_UNLIMITED_SELECT -D_REENTRANT   -I/opt/homebrew/opt/readline/include -I/opt/homebrew/opt/openssl@1.1/include -Wno-error=implicit-function-declaration -fno-common -pipe conftest.c  -L. -L/Users/riturajratan/.rbenv/versions/2.6.1/lib -L. -L/opt/homebrew/opt/readline/lib -L/opt/homebrew/opt/openssl@1.1/lib -fstack-protector-strong     -lruby.2.6 -lffi  "
checked program was:
/* begin */
1: #include "ruby.h"
2: 
3: int main(int argc, char **argv)
4: {
5:   return 0;
6: }
/* end */

| pkg-config --cflags-only-I libffi
=> "-I/Library/Developer/CommandLineTools/SDKs/MacOSX14.sdk/usr/include/ffi\n"
| pkg-config --cflags-only-other libffi
=> "\n"
| pkg-config --libs-only-l libffi
=> "-lffi\n"
package configuration for libffi
cflags: 
ldflags: 
libs: -lffi

have_library: checking for ffi_prep_closure_loc() in -lffi... -------------------- no

"clang -o conftest -I/Users/riturajratan/.rbenv/versions/2.6.1/include/ruby-2.6.0/-darwin23 -I/Users/riturajratan/.rbenv/versions/2.6.1/include/ruby-2.6.0/ruby/backward -I/Users/riturajratan/.rbenv/versions/2.6.1/include/ruby-2.6.0 -I. -I/Library/Developer/CommandLineTools/SDKs/MacOSX14.sdk/usr/include/ffi -I/opt/homebrew/opt/readline/include -I/opt/homebrew/opt/openssl@1.1/include -D_XOPEN_SOURCE -D_DARWIN_C_SOURCE -D_DARWIN_UNLIMITED_SELECT -D_REENTRANT   -I/opt/homebrew/opt/readline/include -I/opt/homebrew/opt/openssl@1.1/include -Wno-error=implicit-function-declaration -fno-common -pipe  conftest.c  -L. -L/Users/riturajratan/.rbenv/versions/2.6.1/lib -L. -L/opt/homebrew/opt/readline/lib -L/opt/homebrew/opt/openssl@1.1/lib -fstack-protector-strong      -lffi -lruby.2.6 -lffi  -lffi  "
conftest.c:3:10: fatal error: 'ffi.h' file not found
    3 | #include <ffi.h>
      |          ^~~~~~~
1 error generated.
checked program was:
/* begin */
 1: #include "ruby.h"
 2: 
 3: #include <ffi.h>
 4: 
 5: /*top*/
 6: extern int t(void);
 7: int main(int argc, char **argv)
 8: {
 9:   if (argc > 1000000) {
10:     int (* volatile tp)(void)=(int (*)(void))&t;
11:     printf("%d", (*tp)());
12:   }
13: 
14:   return 0;
15: }
16: int t(void) { void ((*volatile p)()); p = (void ((*)()))ffi_prep_closure_loc; return !p; }
/* end */

"clang -o conftest -I/Users/riturajratan/.rbenv/versions/2.6.1/include/ruby-2.6.0/-darwin23 -I/Users/riturajratan/.rbenv/versions/2.6.1/include/ruby-2.6.0/ruby/backward -I/Users/riturajratan/.rbenv/versions/2.6.1/include/ruby-2.6.0 -I. -I/Library/Developer/CommandLineTools/SDKs/MacOSX14.sdk/usr/include/ffi -I/opt/homebrew/opt/readline/include -I/opt/homebrew/opt/openssl@1.1/include -D_XOPEN_SOURCE -D_DARWIN_C_SOURCE -D_DARWIN_UNLIMITED_SELECT -D_REENTRANT   -I/opt/homebrew/opt/readline/include -I/opt/homebrew/opt/openssl@1.1/include -Wno-error=implicit-function-declaration -fno-common -pipe  conftest.c  -L. -L/Users/riturajratan/.rbenv/versions/2.6.1/lib -L. -L/opt/homebrew/opt/readline/lib -L/opt/homebrew/opt/openssl@1.1/lib -fstack-protector-strong      -lffi -lruby.2.6 -lffi  -lffi  "
conftest.c:3:10: fatal error: 'ffi.h' file not found
    3 | #include <ffi.h>
      |          ^~~~~~~
1 error generated.
checked program was:
/* begin */
 1: #include "ruby.h"
 2: 
 3: #include <ffi.h>
 4: 
 5: /*top*/
 6: extern int t(void);
 7: int main(int argc, char **argv)
 8: {
 9:   if (argc > 1000000) {
10:     int (* volatile tp)(void)=(int (*)(void))&t;
11:     printf("%d", (*tp)());
12:   }
13: 
14:   return 0;
15: }
16: extern void ffi_prep_closure_loc();
17: int t(void) { ffi_prep_closure_loc(); return 0; }
/* end */

--------------------

have_library: checking for ffi_prep_closure_loc() in -llibffi... -------------------- no

"clang -o conftest -I/Users/riturajratan/.rbenv/versions/2.6.1/include/ruby-2.6.0/-darwin23 -I/Users/riturajratan/.rbenv/versions/2.6.1/include/ruby-2.6.0/ruby/backward -I/Users/riturajratan/.rbenv/versions/2.6.1/include/ruby-2.6.0 -I. -I/Library/Developer/CommandLineTools/SDKs/MacOSX14.sdk/usr/include/ffi -I/opt/homebrew/opt/readline/include -I/opt/homebrew/opt/openssl@1.1/include -D_XOPEN_SOURCE -D_DARWIN_C_SOURCE -D_DARWIN_UNLIMITED_SELECT -D_REENTRANT   -I/opt/homebrew/opt/readline/include -I/opt/homebrew/opt/openssl@1.1/include -Wno-error=implicit-function-declaration -fno-common -pipe  conftest.c  -L. -L/Users/riturajratan/.rbenv/versions/2.6.1/lib -L. -L/opt/homebrew/opt/readline/lib -L/opt/homebrew/opt/openssl@1.1/lib -fstack-protector-strong      -lffi -lruby.2.6 -llibffi  -lffi  "
conftest.c:3:10: fatal error: 'ffi.h' file not found
    3 | #include <ffi.h>
      |          ^~~~~~~
1 error generated.
checked program was:
/* begin */
 1: #include "ruby.h"
 2: 
 3: #include <ffi.h>
 4: 
 5: /*top*/
 6: extern int t(void);
 7: int main(int argc, char **argv)
 8: {
 9:   if (argc > 1000000) {
10:     int (* volatile tp)(void)=(int (*)(void))&t;
11:     printf("%d", (*tp)());
12:   }
13: 
14:   return 0;
15: }
16: int t(void) { void ((*volatile p)()); p = (void ((*)()))ffi_prep_closure_loc; return !p; }
/* end */

"clang -o conftest -I/Users/riturajratan/.rbenv/versions/2.6.1/include/ruby-2.6.0/-darwin23 -I/Users/riturajratan/.rbenv/versions/2.6.1/include/ruby-2.6.0/ruby/backward -I/Users/riturajratan/.rbenv/versions/2.6.1/include/ruby-2.6.0 -I. -I/Library/Developer/CommandLineTools/SDKs/MacOSX14.sdk/usr/include/ffi -I/opt/homebrew/opt/readline/include -I/opt/homebrew/opt/openssl@1.1/include -D_XOPEN_SOURCE -D_DARWIN_C_SOURCE -D_DARWIN_UNLIMITED_SELECT -D_REENTRANT   -I/opt/homebrew/opt/readline/include -I/opt/homebrew/opt/openssl@1.1/include -Wno-error=implicit-function-declaration -fno-common -pipe  conftest.c  -L. -L/Users/riturajratan/.rbenv/versions/2.6.1/lib -L. -L/opt/homebrew/opt/readline/lib -L/opt/homebrew/opt/openssl@1.1/lib -fstack-protector-strong      -lffi -lruby.2.6 -llibffi  -lffi  "
conftest.c:3:10: fatal error: 'ffi.h' file not found
    3 | #include <ffi.h>
      |          ^~~~~~~
1 error generated.
checked program was:
/* begin */
 1: #include "ruby.h"
 2: 
 3: #include <ffi.h>
 4: 
 5: /*top*/
 6: extern int t(void);
 7: int main(int argc, char **argv)
 8: {
 9:   if (argc > 1000000) {
10:     int (* volatile tp)(void)=(int (*)(void))&t;
11:     printf("%d", (*tp)());
12:   }
13: 
14:   return 0;
15: }
16: extern void ffi_prep_closure_loc();
17: int t(void) { ffi_prep_closure_loc(); return 0; }
/* end */

--------------------

have_library: checking for ffi_prep_closure_loc() in -llibffi-8... -------------------- no

"clang -o conftest -I/Users/riturajratan/.rbenv/versions/2.6.1/include/ruby-2.6.0/-darwin23 -I/Users/riturajratan/.rbenv/versions/2.6.1/include/ruby-2.6.0/ruby/backward -I/Users/riturajratan/.rbenv/versions/2.6.1/include/ruby-2.6.0 -I. -I/Library/Developer/CommandLineTools/SDKs/MacOSX14.sdk/usr/include/ffi -I/opt/homebrew/opt/readline/include -I/opt/homebrew/opt/openssl@1.1/include -D_XOPEN_SOURCE -D_DARWIN_C_SOURCE -D_DARWIN_UNLIMITED_SELECT -D_REENTRANT   -I/opt/homebrew/opt/readline/include -I/opt/homebrew/opt/openssl@1.1/include -Wno-error=implicit-function-declaration -fno-common -pipe  conftest.c  -L. -L/Users/riturajratan/.rbenv/versions/2.6.1/lib -L. -L/opt/homebrew/opt/readline/lib -L/opt/homebrew/opt/openssl@1.1/lib -fstack-protector-strong      -lffi -lruby.2.6 -llibffi-8  -lffi  "
conftest.c:3:10: fatal error: 'ffi.h' file not found
    3 | #include <ffi.h>
      |          ^~~~~~~
1 error generated.
checked program was:
/* begin */
 1: #include "ruby.h"
 2: 
 3: #include <ffi.h>
 4: 
 5: /*top*/
 6: extern int t(void);
 7: int main(int argc, char **argv)
 8: {
 9:   if (argc > 1000000) {
10:     int (* volatile tp)(void)=(int (*)(void))&t;
11:     printf("%d", (*tp)());
12:   }
13: 
14:   return 0;
15: }
16: int t(void) { void ((*volatile p)()); p = (void ((*)()))ffi_prep_closure_loc; return !p; }
/* end */

"clang -o conftest -I/Users/riturajratan/.rbenv/versions/2.6.1/include/ruby-2.6.0/-darwin23 -I/Users/riturajratan/.rbenv/versions/2.6.1/include/ruby-2.6.0/ruby/backward -I/Users/riturajratan/.rbenv/versions/2.6.1/include/ruby-2.6.0 -I. -I/Library/Developer/CommandLineTools/SDKs/MacOSX14.sdk/usr/include/ffi -I/opt/homebrew/opt/readline/include -I/opt/homebrew/opt/openssl@1.1/include -D_XOPEN_SOURCE -D_DARWIN_C_SOURCE -D_DARWIN_UNLIMITED_SELECT -D_REENTRANT   -I/opt/homebrew/opt/readline/include -I/opt/homebrew/opt/openssl@1.1/include -Wno-error=implicit-function-declaration -fno-common -pipe  conftest.c  -L. -L/Users/riturajratan/.rbenv/versions/2.6.1/lib -L. -L/opt/homebrew/opt/readline/lib -L/opt/homebrew/opt/openssl@1.1/lib -fstack-protector-strong      -lffi -lruby.2.6 -llibffi-8  -lffi  "
conftest.c:3:10: fatal error: 'ffi.h' file not found
    3 | #include <ffi.h>
      |          ^~~~~~~
1 error generated.
checked program was:
/* begin */
 1: #include "ruby.h"
 2: 
 3: #include <ffi.h>
 4: 
 5: /*top*/
 6: extern int t(void);
 7: int main(int argc, char **argv)
 8: {
 9:   if (argc > 1000000) {
10:     int (* volatile tp)(void)=(int (*)(void))&t;
11:     printf("%d", (*tp)());
12:   }
13: 
14:   return 0;
15: }
16: extern void ffi_prep_closure_loc();
17: int t(void) { ffi_prep_closure_loc(); return 0; }
/* end */

--------------------

block in append_ldflags: checking for whether -Wl,--exclude-libs,ALL is accepted as LDFLAGS... -------------------- no

"clang -o conftest -I/Users/riturajratan/.rbenv/versions/2.6.1/include/ruby-2.6.0/-darwin23 -I/Users/riturajratan/.rbenv/versions/2.6.1/include/ruby-2.6.0/ruby/backward -I/Users/riturajratan/.rbenv/versions/2.6.1/include/ruby-2.6.0 -I. -I/Library/Developer/CommandLineTools/SDKs/MacOSX14.sdk/usr/include/ffi -I/opt/homebrew/opt/readline/include -I/opt/homebrew/opt/openssl@1.1/include -D_XOPEN_SOURCE -D_DARWIN_C_SOURCE -D_DARWIN_UNLIMITED_SELECT -D_REENTRANT   -I/opt/homebrew/opt/readline/include -I/opt/homebrew/opt/openssl@1.1/include -Wno-error=implicit-function-declaration -fno-common -pipe  conftest.c  -L. -L/Users/riturajratan/.rbenv/versions/2.6.1/lib -L. -L/opt/homebrew/opt/readline/lib -L/opt/homebrew/opt/openssl@1.1/lib -fstack-protector-strong      -lffi -lruby.2.6 -Wl,--exclude-libs,ALL  "
ld: unknown options: --exclude-libs 
clang: error: linker command failed with exit code 1 (use -v to see invocation)
checked program was:
/* begin */
1: #include "ruby.h"
2: 
3: int main(int argc, char **argv)
4: {
5:   return 0;
6: }
/* end */

--------------------

have_func: checking for rb_gc_mark_movable()... -------------------- no

"clang -o conftest -I/Users/riturajratan/.rbenv/versions/2.6.1/include/ruby-2.6.0/-darwin23 -I/Users/riturajratan/.rbenv/versions/2.6.1/include/ruby-2.6.0/ruby/backward -I/Users/riturajratan/.rbenv/versions/2.6.1/include/ruby-2.6.0 -I. -I/Library/Developer/CommandLineTools/SDKs/MacOSX14.sdk/usr/include/ffi -I/opt/homebrew/opt/readline/include -I/opt/homebrew/opt/openssl@1.1/include -D_XOPEN_SOURCE -D_DARWIN_C_SOURCE -D_DARWIN_UNLIMITED_SELECT -D_REENTRANT   -I/opt/homebrew/opt/readline/include -I/opt/homebrew/opt/openssl@1.1/include -Wno-error=implicit-function-declaration -fno-common -pipe  conftest.c  -L. -L/Users/riturajratan/.rbenv/versions/2.6.1/lib -L. -L/opt/homebrew/opt/readline/lib -L/opt/homebrew/opt/openssl@1.1/lib -fstack-protector-strong      -lffi -lruby.2.6  -lffi  "
conftest.c:14:57: error: use of undeclared identifier 'rb_gc_mark_movable'
   14 | int t(void) { void ((*volatile p)()); p = (void ((*)()))rb_gc_mark_movable; return !p; }
      |                                                         ^~~~~~~~~~~~~~~~~~
1 error generated.
checked program was:
/* begin */
 1: #include "ruby.h"
 2: 
 3: /*top*/
 4: extern int t(void);
 5: int main(int argc, char **argv)
 6: {
 7:   if (argc > 1000000) {
 8:     int (* volatile tp)(void)=(int (*)(void))&t;
 9:     printf("%d", (*tp)());
10:   }
11: 
12:   return 0;
13: }
14: int t(void) { void ((*volatile p)()); p = (void ((*)()))rb_gc_mark_movable; return !p; }
/* end */

"clang -o conftest -I/Users/riturajratan/.rbenv/versions/2.6.1/include/ruby-2.6.0/-darwin23 -I/Users/riturajratan/.rbenv/versions/2.6.1/include/ruby-2.6.0/ruby/backward -I/Users/riturajratan/.rbenv/versions/2.6.1/include/ruby-2.6.0 -I. -I/Library/Developer/CommandLineTools/SDKs/MacOSX14.sdk/usr/include/ffi -I/opt/homebrew/opt/readline/include -I/opt/homebrew/opt/openssl@1.1/include -D_XOPEN_SOURCE -D_DARWIN_C_SOURCE -D_DARWIN_UNLIMITED_SELECT -D_REENTRANT   -I/opt/homebrew/opt/readline/include -I/opt/homebrew/opt/openssl@1.1/include -Wno-error=implicit-function-declaration -fno-common -pipe  conftest.c  -L. -L/Users/riturajratan/.rbenv/versions/2.6.1/lib -L. -L/opt/homebrew/opt/readline/lib -L/opt/homebrew/opt/openssl@1.1/lib -fstack-protector-strong      -lffi -lruby.2.6  -lffi  "
ld: warning: ignoring duplicate libraries: '-lffi'
Undefined symbols for architecture arm64:
  "_rb_gc_mark_movable", referenced from:
      _t in conftest-12bca7.o
ld: symbol(s) not found for architecture arm64
clang: error: linker command failed with exit code 1 (use -v to see invocation)
checked program was:
/* begin */
 1: #include "ruby.h"
 2: 
 3: /*top*/
 4: extern int t(void);
 5: int main(int argc, char **argv)
 6: {
 7:   if (argc > 1000000) {
 8:     int (* volatile tp)(void)=(int (*)(void))&t;
 9:     printf("%d", (*tp)());
10:   }
11: 
12:   return 0;
13: }
14: extern void rb_gc_mark_movable();
15: int t(void) { rb_gc_mark_movable(); return 0; }
/* end */

--------------------

block in append_ldflags: checking for whether -pthread is accepted as LDFLAGS... -------------------- yes

"clang -o conftest -I/Users/riturajratan/.rbenv/versions/2.6.1/include/ruby-2.6.0/-darwin23 -I/Users/riturajratan/.rbenv/versions/2.6.1/include/ruby-2.6.0/ruby/backward -I/Users/riturajratan/.rbenv/versions/2.6.1/include/ruby-2.6.0 -I. -I/Library/Developer/CommandLineTools/SDKs/MacOSX14.sdk/usr/include/ffi -I/opt/homebrew/opt/readline/include -I/opt/homebrew/opt/openssl@1.1/include -D_XOPEN_SOURCE -D_DARWIN_C_SOURCE -D_DARWIN_UNLIMITED_SELECT -D_REENTRANT   -I/opt/homebrew/opt/readline/include -I/opt/homebrew/opt/openssl@1.1/include -Wno-error=implicit-function-declaration -fno-common -pipe  conftest.c  -L. -L/Users/riturajratan/.rbenv/versions/2.6.1/lib -L. -L/opt/homebrew/opt/readline/lib -L/opt/homebrew/opt/openssl@1.1/lib -fstack-protector-strong      -lffi -lruby.2.6 -pthread  "
checked program was:
/* begin */
1: #include "ruby.h"
2: 
3: int main(int argc, char **argv)
4: {
5:   return 0;
6: }
/* end */

--------------------

extconf.h is:
/* begin */
1: #ifndef EXTCONF_H
2: #define EXTCONF_H
3: #define HAVE_FFI_PREP_CIF_VAR 1
4: #define USE_INTERNAL_LIBFFI 1
5: #define USE_FFI_ALLOC 1
6: #endif
/* end */

